Archive member included to satisfy reference by file (symbol)

../testTimer_bsp/\libhal_bsp.a(alt_load.o)
                              ../testTimer_bsp//obj/HAL/src/crt0.o (alt_load)
../testTimer_bsp/\libhal_bsp.a(alt_main.o)
                              ../testTimer_bsp//obj/HAL/src/crt0.o (alt_main)
../testTimer_bsp/\libhal_bsp.a(alt_printf.o)
                              obj/default/hello_world_small.o (alt_printf)
../testTimer_bsp/\libhal_bsp.a(alt_putchar.o)
                              ../testTimer_bsp/\libhal_bsp.a(alt_printf.o) (alt_putchar)
../testTimer_bsp/\libhal_bsp.a(alt_tick.o)
                              obj/default/hello_world_small.o (_alt_nticks)
../testTimer_bsp/\libhal_bsp.a(alt_sys_init.o)
                              ../testTimer_bsp/\libhal_bsp.a(alt_main.o) (alt_irq_init)
../testTimer_bsp/\libhal_bsp.a(altera_avalon_jtag_uart_write.o)
                              ../testTimer_bsp/\libhal_bsp.a(alt_putchar.o) (altera_avalon_jtag_uart_write)
../testTimer_bsp/\libhal_bsp.a(alt_dcache_flush_all.o)
                              ../testTimer_bsp/\libhal_bsp.a(alt_load.o) (alt_dcache_flush_all)
../testTimer_bsp/\libhal_bsp.a(alt_icache_flush_all.o)
                              ../testTimer_bsp/\libhal_bsp.a(alt_load.o) (alt_icache_flush_all)
../testTimer_bsp/\libhal_bsp.a(altera_nios2_gen2_irq.o)
                              ../testTimer_bsp/\libhal_bsp.a(alt_sys_init.o) (altera_nios2_gen2_irq_init)

Memory Configuration

Name             Origin             Length             Attributes
reset            0x0000000000008000 0x0000000000000020
RAM              0x0000000000008020 0x0000000000007fe0
*default*        0x0000000000000000 0xffffffffffffffff

Linker script and memory map

LOAD ../testTimer_bsp//obj/HAL/src/crt0.o
LOAD obj/default/hello_world_small.o
LOAD c:/intelfpga_lite/18.1/nios2eds/bin/gnu/h-x86_64-mingw32/bin/../lib/gcc/nios2-elf/5.3.0/../../../../../H-x86_64-mingw32/nios2-elf/lib/mno-hw-mul\libstdc++.a
LOAD c:/intelfpga_lite/18.1/nios2eds/bin/gnu/h-x86_64-mingw32/bin/../lib/gcc/nios2-elf/5.3.0/../../../../../H-x86_64-mingw32/nios2-elf/lib/mno-hw-mul\libm.a
LOAD c:/intelfpga_lite/18.1/nios2eds/bin/gnu/h-x86_64-mingw32/bin/../lib/gcc/nios2-elf/5.3.0/mno-hw-mul\libgcc.a
START GROUP
LOAD c:/intelfpga_lite/18.1/nios2eds/bin/gnu/h-x86_64-mingw32/bin/../lib/gcc/nios2-elf/5.3.0/../../../../../H-x86_64-mingw32/nios2-elf/lib/mno-hw-mul\libsmallc.a
LOAD c:/intelfpga_lite/18.1/nios2eds/bin/gnu/h-x86_64-mingw32/bin/../lib/gcc/nios2-elf/5.3.0/mno-hw-mul\libgcc.a
LOAD ../testTimer_bsp/\libhal_bsp.a
LOAD c:/intelfpga_lite/18.1/nios2eds/bin/gnu/h-x86_64-mingw32/bin/../lib/gcc/nios2-elf/5.3.0/../../../../../H-x86_64-mingw32/nios2-elf/lib/mno-hw-mul\libm.a
END GROUP
LOAD c:/intelfpga_lite/18.1/nios2eds/bin/gnu/h-x86_64-mingw32/bin/../lib/gcc/nios2-elf/5.3.0/mno-hw-mul\libgcc.a
                0x0000000000008000                __alt_mem_RAM = 0x8000

.entry          0x0000000000008000       0x20
 *(.entry)
 .entry         0x0000000000008000       0x20 ../testTimer_bsp//obj/HAL/src/crt0.o
                0x0000000000008000                __reset
                0x000000000000800c                _exit

.exceptions     0x0000000000008020        0x0
                0x0000000000008020                PROVIDE (__ram_exceptions_start, ABSOLUTE (.))
                0x0000000000008020                . = ALIGN (0x20)
 *(.irq)
 *(.exceptions.entry.label)
 *(.exceptions.entry.user)
 *(.exceptions.entry.ecc_fatal)
 *(.exceptions.entry)
 *(.exceptions.irqtest.user)
 *(.exceptions.irqtest)
 *(.exceptions.irqhandler.user)
 *(.exceptions.irqhandler)
 *(.exceptions.irqreturn.user)
 *(.exceptions.irqreturn)
 *(.exceptions.notirq.label)
 *(.exceptions.notirq.user)
 *(.exceptions.notirq)
 *(.exceptions.soft.user)
 *(.exceptions.soft)
 *(.exceptions.unknown.user)
 *(.exceptions.unknown)
 *(.exceptions.exit.label)
 *(.exceptions.exit.user)
 *(.exceptions.exit)
 *(.exceptions)
                0x0000000000008020                PROVIDE (__ram_exceptions_end, ABSOLUTE (.))
                0x0000000000008020                PROVIDE (__flash_exceptions_start, LOADADDR (.exceptions))

.text           0x0000000000008020      0x470
                [!provide]                        PROVIDE (stext, ABSOLUTE (.))
 *(.interp)
 *(.hash)
 *(.dynsym)
 *(.dynstr)
 *(.gnu.version)
 *(.gnu.version_d)
 *(.gnu.version_r)
 *(.rel.init)
 *(.rela.init)
 *(.rel.text .rel.text.* .rel.gnu.linkonce.t.*)
 *(.rela.text .rela.text.* .rela.gnu.linkonce.t.*)
 *(.rel.fini)
 *(.rela.fini)
 *(.rel.rodata .rel.rodata.* .rel.gnu.linkonce.r.*)
 *(.rela.rodata .rela.rodata.* .rela.gnu.linkonce.r.*)
 *(.rel.data .rel.data.* .rel.gnu.linkonce.d.*)
 *(.rela.data .rela.data.* .rela.gnu.linkonce.d.*)
 *(.rel.tdata .rel.tdata.* .rel.gnu.linkonce.td.*)
 *(.rela.tdata .rela.tdata.* .rela.gnu.linkonce.td.*)
 *(.rel.tbss .rel.tbss.* .rel.gnu.linkonce.tb.*)
 *(.rela.tbss .rela.tbss.* .rela.gnu.linkonce.tb.*)
 *(.rel.ctors)
 *(.rela.ctors)
 *(.rel.dtors)
 *(.rela.dtors)
 *(.rel.got)
 *(.rela.got)
 *(.rel.sdata .rel.sdata.* .rel.gnu.linkonce.s.*)
 *(.rela.sdata .rela.sdata.* .rela.gnu.linkonce.s.*)
 *(.rel.sbss .rel.sbss.* .rel.gnu.linkonce.sb.*)
 *(.rela.sbss .rela.sbss.* .rela.gnu.linkonce.sb.*)
 *(.rel.sdata2 .rel.sdata2.* .rel.gnu.linkonce.s2.*)
 *(.rela.sdata2 .rela.sdata2.* .rela.gnu.linkonce.s2.*)
 *(.rel.sbss2 .rel.sbss2.* .rel.gnu.linkonce.sb2.*)
 *(.rela.sbss2 .rela.sbss2.* .rela.gnu.linkonce.sb2.*)
 *(.rel.bss .rel.bss.* .rel.gnu.linkonce.b.*)
 *(.rela.bss .rela.bss.* .rela.gnu.linkonce.b.*)
 *(.rel.plt)
 *(.rela.plt)
 *(.rel.dyn)
 *(.init)
 *(.plt)
 *(.text .stub .text.* .gnu.linkonce.t.*)
 .text          0x0000000000008020       0x3c ../testTimer_bsp//obj/HAL/src/crt0.o
                0x0000000000008020                _start
 .text          0x000000000000805c        0x0 obj/default/hello_world_small.o
 .text.startup  0x000000000000805c       0x1c obj/default/hello_world_small.o
                0x000000000000805c                main
 .text          0x0000000000008078       0xe0 ../testTimer_bsp/\libhal_bsp.a(alt_load.o)
                0x0000000000008078                alt_load
 .text          0x0000000000008158       0x2c ../testTimer_bsp/\libhal_bsp.a(alt_main.o)
                0x0000000000008158                alt_main
 .text          0x0000000000008184      0x170 ../testTimer_bsp/\libhal_bsp.a(alt_printf.o)
                0x0000000000008184                alt_printf
 .text          0x00000000000082f4       0x48 ../testTimer_bsp/\libhal_bsp.a(alt_putchar.o)
                0x00000000000082f4                alt_putchar
 .text          0x000000000000833c       0xec ../testTimer_bsp/\libhal_bsp.a(alt_tick.o)
                0x000000000000833c                alt_alarm_stop
                0x0000000000008370                alt_tick
 .text          0x0000000000008428       0x24 ../testTimer_bsp/\libhal_bsp.a(alt_sys_init.o)
                0x0000000000008428                alt_irq_init
                0x0000000000008448                alt_sys_init
 .text          0x000000000000844c       0x34 ../testTimer_bsp/\libhal_bsp.a(altera_avalon_jtag_uart_write.o)
                0x000000000000844c                altera_avalon_jtag_uart_write
 .text          0x0000000000008480        0x4 ../testTimer_bsp/\libhal_bsp.a(alt_dcache_flush_all.o)
                0x0000000000008480                alt_dcache_flush_all
 .text          0x0000000000008484        0x4 ../testTimer_bsp/\libhal_bsp.a(alt_icache_flush_all.o)
                0x0000000000008484                alt_icache_flush_all
 .text          0x0000000000008488        0x8 ../testTimer_bsp/\libhal_bsp.a(altera_nios2_gen2_irq.o)
                0x0000000000008488                altera_nios2_gen2_irq_init
 *(.gnu.warning.*)
 *(.fini)
                [!provide]                        PROVIDE (__etext, ABSOLUTE (.))
                [!provide]                        PROVIDE (_etext, ABSOLUTE (.))
                [!provide]                        PROVIDE (etext, ABSOLUTE (.))
 *(.eh_frame_hdr)
                0x0000000000008490                . = ALIGN (0x4)
                [!provide]                        PROVIDE (__preinit_array_start, ABSOLUTE (.))
 *(.preinit_array)
                [!provide]                        PROVIDE (__preinit_array_end, ABSOLUTE (.))
                [!provide]                        PROVIDE (__init_array_start, ABSOLUTE (.))
 *(.init_array)
                [!provide]                        PROVIDE (__init_array_end, ABSOLUTE (.))
                [!provide]                        PROVIDE (__fini_array_start, ABSOLUTE (.))
 *(.fini_array)
                [!provide]                        PROVIDE (__fini_array_end, ABSOLUTE (.))
 *(.eh_frame)
 *(.gcc_except_table .gcc_except_table.*)
 *(.dynamic)
                [!provide]                        PROVIDE (__CTOR_LIST__, ABSOLUTE (.))
 *(.ctors)
 *(SORT(.ctors.*))
                [!provide]                        PROVIDE (__CTOR_END__, ABSOLUTE (.))
                [!provide]                        PROVIDE (__DTOR_LIST__, ABSOLUTE (.))
 *(.dtors)
 *(SORT(.dtors.*))
                [!provide]                        PROVIDE (__DTOR_END__, ABSOLUTE (.))
 *(.jcr)
                0x0000000000008490                . = ALIGN (0x4)

.rodata         0x0000000000008490       0x1c
                0x0000000000008490                PROVIDE (__ram_rodata_start, ABSOLUTE (.))
                0x0000000000008490                . = ALIGN (0x4)
 *(.rodata .rodata.* .gnu.linkonce.r.*)
 .rodata.str1.4
                0x0000000000008490       0x1c obj/default/hello_world_small.o
                                         0x1b (size before relaxing)
 *(.rodata1)
                0x00000000000084ac                . = ALIGN (0x4)
                0x00000000000084ac                PROVIDE (__ram_rodata_end, ABSOLUTE (.))
                0x0000000000008490                PROVIDE (__flash_rodata_start, LOADADDR (.rodata))

.rwdata         0x00000000000084ac        0xc load address 0x00000000000084b8
                0x00000000000084ac                PROVIDE (__ram_rwdata_start, ABSOLUTE (.))
                0x00000000000084ac                . = ALIGN (0x4)
 *(.got.plt)
 *(.got)
 *(.data1)
 *(.data .data.* .gnu.linkonce.d.*)
 .data          0x00000000000084ac        0x0 ../testTimer_bsp//obj/HAL/src/crt0.o
 .data          0x00000000000084ac        0x0 obj/default/hello_world_small.o
 .data          0x00000000000084ac        0x0 ../testTimer_bsp/\libhal_bsp.a(alt_load.o)
 .data          0x00000000000084ac        0x0 ../testTimer_bsp/\libhal_bsp.a(alt_main.o)
 .data          0x00000000000084ac        0x0 ../testTimer_bsp/\libhal_bsp.a(alt_printf.o)
 .data          0x00000000000084ac        0x0 ../testTimer_bsp/\libhal_bsp.a(alt_putchar.o)
 .data          0x00000000000084ac        0x0 ../testTimer_bsp/\libhal_bsp.a(alt_tick.o)
 .data          0x00000000000084ac        0x0 ../testTimer_bsp/\libhal_bsp.a(alt_sys_init.o)
 .data          0x00000000000084ac        0x0 ../testTimer_bsp/\libhal_bsp.a(altera_avalon_jtag_uart_write.o)
 .data          0x00000000000084ac        0x0 ../testTimer_bsp/\libhal_bsp.a(alt_dcache_flush_all.o)
 .data          0x00000000000084ac        0x0 ../testTimer_bsp/\libhal_bsp.a(alt_icache_flush_all.o)
 .data          0x00000000000084ac        0x0 ../testTimer_bsp/\libhal_bsp.a(altera_nios2_gen2_irq.o)
                0x00000000000104ac                _gp = ABSOLUTE ((. + 0x8000))
                [!provide]                        PROVIDE (gp, _gp)
 *(.rwdata .rwdata.*)
 *(.sdata .sdata.* .gnu.linkonce.s.*)
 .sdata         0x00000000000084ac        0x8 ../testTimer_bsp/\libhal_bsp.a(alt_tick.o)
                0x00000000000084ac                alt_alarm_list
 .sdata         0x00000000000084b4        0x4 ../testTimer_bsp/\libhal_bsp.a(alt_sys_init.o)
                0x00000000000084b4                UART
 *(.sdata2 .sdata2.* .gnu.linkonce.s2.*)
                0x00000000000084b8                . = ALIGN (0x4)
                0x00000000000084b8                _edata = ABSOLUTE (.)
                [!provide]                        PROVIDE (edata, ABSOLUTE (.))
                0x00000000000084b8                PROVIDE (__ram_rwdata_end, ABSOLUTE (.))
                0x00000000000084b8                PROVIDE (__flash_rwdata_start, LOADADDR (.rwdata))

.bss            0x00000000000084c4       0x14
                0x00000000000084c4                __bss_start = ABSOLUTE (.)
                [!provide]                        PROVIDE (__sbss_start, ABSOLUTE (.))
                [!provide]                        PROVIDE (___sbss_start, ABSOLUTE (.))
 *(.dynsbss)
 *(.sbss .sbss.* .gnu.linkonce.sb.*)
 .sbss          0x00000000000084c4        0xc ../testTimer_bsp/\libhal_bsp.a(alt_main.o)
                0x00000000000084c4                alt_envp
                0x00000000000084c8                alt_argv
                0x00000000000084cc                alt_argc
 .sbss          0x00000000000084d0        0x8 ../testTimer_bsp/\libhal_bsp.a(alt_tick.o)
                0x00000000000084d0                _alt_nticks
                0x00000000000084d4                _alt_tick_rate
 *(.sbss2 .sbss2.* .gnu.linkonce.sb2.*)
 *(.scommon)
                [!provide]                        PROVIDE (__sbss_end, ABSOLUTE (.))
                [!provide]                        PROVIDE (___sbss_end, ABSOLUTE (.))
 *(.dynbss)
 *(.bss .bss.* .gnu.linkonce.b.*)
 .bss           0x00000000000084d8        0x0 ../testTimer_bsp//obj/HAL/src/crt0.o
 .bss           0x00000000000084d8        0x0 obj/default/hello_world_small.o
 .bss           0x00000000000084d8        0x0 ../testTimer_bsp/\libhal_bsp.a(alt_load.o)
 .bss           0x00000000000084d8        0x0 ../testTimer_bsp/\libhal_bsp.a(alt_main.o)
 .bss           0x00000000000084d8        0x0 ../testTimer_bsp/\libhal_bsp.a(alt_printf.o)
 .bss           0x00000000000084d8        0x0 ../testTimer_bsp/\libhal_bsp.a(alt_putchar.o)
 .bss           0x00000000000084d8        0x0 ../testTimer_bsp/\libhal_bsp.a(alt_tick.o)
 .bss           0x00000000000084d8        0x0 ../testTimer_bsp/\libhal_bsp.a(alt_sys_init.o)
 .bss           0x00000000000084d8        0x0 ../testTimer_bsp/\libhal_bsp.a(altera_avalon_jtag_uart_write.o)
 .bss           0x00000000000084d8        0x0 ../testTimer_bsp/\libhal_bsp.a(alt_dcache_flush_all.o)
 .bss           0x00000000000084d8        0x0 ../testTimer_bsp/\libhal_bsp.a(alt_icache_flush_all.o)
 .bss           0x00000000000084d8        0x0 ../testTimer_bsp/\libhal_bsp.a(altera_nios2_gen2_irq.o)
 *(COMMON)
                0x00000000000084d8                . = ALIGN (0x4)
                0x00000000000084d8                __bss_end = ABSOLUTE (.)

.RAM            0x00000000000084d8        0x0
                [!provide]                        PROVIDE (_alt_partition_RAM_start, ABSOLUTE (.))
 *(.RAM .RAM. RAM.*)
                0x00000000000084d8                . = ALIGN (0x4)
                [!provide]                        PROVIDE (_alt_partition_RAM_end, ABSOLUTE (.))
                0x00000000000084d8                _end = ABSOLUTE (.)
                0x00000000000084d8                end = ABSOLUTE (.)
                0x00000000000084d8                __alt_stack_base = ABSOLUTE (.)
                [!provide]                        PROVIDE (_alt_partition_RAM_load_addr, LOADADDR (.RAM))

.stab
 *(.stab)

.stabstr
 *(.stabstr)

.stab.excl
 *(.stab.excl)

.stab.exclstr
 *(.stab.exclstr)

.stab.index
 *(.stab.index)

.stab.indexstr
 *(.stab.indexstr)

.comment        0x0000000000000000       0x23
 *(.comment)
 .comment       0x0000000000000000       0x23 obj/default/hello_world_small.o
                                         0x24 (size before relaxing)
 .comment       0x0000000000000023       0x24 ../testTimer_bsp/\libhal_bsp.a(alt_load.o)
 .comment       0x0000000000000023       0x24 ../testTimer_bsp/\libhal_bsp.a(alt_main.o)
 .comment       0x0000000000000023       0x24 ../testTimer_bsp/\libhal_bsp.a(alt_printf.o)
 .comment       0x0000000000000023       0x24 ../testTimer_bsp/\libhal_bsp.a(alt_putchar.o)
 .comment       0x0000000000000023       0x24 ../testTimer_bsp/\libhal_bsp.a(alt_tick.o)
 .comment       0x0000000000000023       0x24 ../testTimer_bsp/\libhal_bsp.a(alt_sys_init.o)
 .comment       0x0000000000000023       0x24 ../testTimer_bsp/\libhal_bsp.a(altera_avalon_jtag_uart_write.o)
 .comment       0x0000000000000023       0x24 ../testTimer_bsp/\libhal_bsp.a(alt_dcache_flush_all.o)
 .comment       0x0000000000000023       0x24 ../testTimer_bsp/\libhal_bsp.a(alt_icache_flush_all.o)
 .comment       0x0000000000000023       0x24 ../testTimer_bsp/\libhal_bsp.a(altera_nios2_gen2_irq.o)

.debug
 *(.debug)

.line
 *(.line)

.debug_srcinfo
 *(.debug_srcinfo)

.debug_sfnames
 *(.debug_sfnames)

.debug_aranges  0x0000000000000000      0x188
 *(.debug_aranges)
 .debug_aranges
                0x0000000000000000       0x28 ../testTimer_bsp//obj/HAL/src/crt0.o
 .debug_aranges
                0x0000000000000028       0x20 obj/default/hello_world_small.o
 .debug_aranges
                0x0000000000000048       0x20 ../testTimer_bsp/\libhal_bsp.a(alt_load.o)
 .debug_aranges
                0x0000000000000068       0x20 ../testTimer_bsp/\libhal_bsp.a(alt_main.o)
 .debug_aranges
                0x0000000000000088       0x20 ../testTimer_bsp/\libhal_bsp.a(alt_printf.o)
 .debug_aranges
                0x00000000000000a8       0x20 ../testTimer_bsp/\libhal_bsp.a(alt_putchar.o)
 .debug_aranges
                0x00000000000000c8       0x20 ../testTimer_bsp/\libhal_bsp.a(alt_tick.o)
 .debug_aranges
                0x00000000000000e8       0x20 ../testTimer_bsp/\libhal_bsp.a(alt_sys_init.o)
 .debug_aranges
                0x0000000000000108       0x20 ../testTimer_bsp/\libhal_bsp.a(altera_avalon_jtag_uart_write.o)
 .debug_aranges
                0x0000000000000128       0x20 ../testTimer_bsp/\libhal_bsp.a(alt_dcache_flush_all.o)
 .debug_aranges
                0x0000000000000148       0x20 ../testTimer_bsp/\libhal_bsp.a(alt_icache_flush_all.o)
 .debug_aranges
                0x0000000000000168       0x20 ../testTimer_bsp/\libhal_bsp.a(altera_nios2_gen2_irq.o)

.debug_pubnames
 *(.debug_pubnames)

.debug_info     0x0000000000000000      0xea9
 *(.debug_info .gnu.linkonce.wi.*)
 .debug_info    0x0000000000000000       0x80 ../testTimer_bsp//obj/HAL/src/crt0.o
 .debug_info    0x0000000000000080       0xed obj/default/hello_world_small.o
 .debug_info    0x000000000000016d      0x1c9 ../testTimer_bsp/\libhal_bsp.a(alt_load.o)
 .debug_info    0x0000000000000336      0x169 ../testTimer_bsp/\libhal_bsp.a(alt_main.o)
 .debug_info    0x000000000000049f      0x14d ../testTimer_bsp/\libhal_bsp.a(alt_printf.o)
 .debug_info    0x00000000000005ec      0x12a ../testTimer_bsp/\libhal_bsp.a(alt_putchar.o)
 .debug_info    0x0000000000000716      0x2a9 ../testTimer_bsp/\libhal_bsp.a(alt_tick.o)
 .debug_info    0x00000000000009bf      0x19d ../testTimer_bsp/\libhal_bsp.a(alt_sys_init.o)
 .debug_info    0x0000000000000b5c      0x197 ../testTimer_bsp/\libhal_bsp.a(altera_avalon_jtag_uart_write.o)
 .debug_info    0x0000000000000cf3       0x92 ../testTimer_bsp/\libhal_bsp.a(alt_dcache_flush_all.o)
 .debug_info    0x0000000000000d85       0x92 ../testTimer_bsp/\libhal_bsp.a(alt_icache_flush_all.o)
 .debug_info    0x0000000000000e17       0x92 ../testTimer_bsp/\libhal_bsp.a(altera_nios2_gen2_irq.o)

.debug_abbrev   0x0000000000000000      0x872
 *(.debug_abbrev)
 .debug_abbrev  0x0000000000000000       0x12 ../testTimer_bsp//obj/HAL/src/crt0.o
 .debug_abbrev  0x0000000000000012       0xc3 obj/default/hello_world_small.o
 .debug_abbrev  0x00000000000000d5       0xd8 ../testTimer_bsp/\libhal_bsp.a(alt_load.o)
 .debug_abbrev  0x00000000000001ad       0xee ../testTimer_bsp/\libhal_bsp.a(alt_main.o)
 .debug_abbrev  0x000000000000029b       0xd5 ../testTimer_bsp/\libhal_bsp.a(alt_printf.o)
 .debug_abbrev  0x0000000000000370       0xd2 ../testTimer_bsp/\libhal_bsp.a(alt_putchar.o)
 .debug_abbrev  0x0000000000000442      0x187 ../testTimer_bsp/\libhal_bsp.a(alt_tick.o)
 .debug_abbrev  0x00000000000005c9      0x10e ../testTimer_bsp/\libhal_bsp.a(alt_sys_init.o)
 .debug_abbrev  0x00000000000006d7       0xd5 ../testTimer_bsp/\libhal_bsp.a(altera_avalon_jtag_uart_write.o)
 .debug_abbrev  0x00000000000007ac       0x42 ../testTimer_bsp/\libhal_bsp.a(alt_dcache_flush_all.o)
 .debug_abbrev  0x00000000000007ee       0x42 ../testTimer_bsp/\libhal_bsp.a(alt_icache_flush_all.o)
 .debug_abbrev  0x0000000000000830       0x42 ../testTimer_bsp/\libhal_bsp.a(altera_nios2_gen2_irq.o)

.debug_line     0x0000000000000000      0x80d
 *(.debug_line)
 .debug_line    0x0000000000000000       0x66 ../testTimer_bsp//obj/HAL/src/crt0.o
 .debug_line    0x0000000000000066       0xe5 obj/default/hello_world_small.o
 .debug_line    0x000000000000014b       0xa4 ../testTimer_bsp/\libhal_bsp.a(alt_load.o)
 .debug_line    0x00000000000001ef       0xbd ../testTimer_bsp/\libhal_bsp.a(alt_main.o)
 .debug_line    0x00000000000002ac      0x112 ../testTimer_bsp/\libhal_bsp.a(alt_printf.o)
 .debug_line    0x00000000000003be       0x55 ../testTimer_bsp/\libhal_bsp.a(alt_putchar.o)
 .debug_line    0x0000000000000413      0x104 ../testTimer_bsp/\libhal_bsp.a(alt_tick.o)
 .debug_line    0x0000000000000517      0x11a ../testTimer_bsp/\libhal_bsp.a(alt_sys_init.o)
 .debug_line    0x0000000000000631       0xf0 ../testTimer_bsp/\libhal_bsp.a(altera_avalon_jtag_uart_write.o)
 .debug_line    0x0000000000000721       0x4e ../testTimer_bsp/\libhal_bsp.a(alt_dcache_flush_all.o)
 .debug_line    0x000000000000076f       0x4e ../testTimer_bsp/\libhal_bsp.a(alt_icache_flush_all.o)
 .debug_line    0x00000000000007bd       0x50 ../testTimer_bsp/\libhal_bsp.a(altera_nios2_gen2_irq.o)

.debug_frame    0x0000000000000000      0x214
 *(.debug_frame)
 .debug_frame   0x0000000000000000       0x28 obj/default/hello_world_small.o
 .debug_frame   0x0000000000000028       0x30 ../testTimer_bsp/\libhal_bsp.a(alt_load.o)
 .debug_frame   0x0000000000000058       0x2c ../testTimer_bsp/\libhal_bsp.a(alt_main.o)
 .debug_frame   0x0000000000000084       0x54 ../testTimer_bsp/\libhal_bsp.a(alt_printf.o)
 .debug_frame   0x00000000000000d8       0x30 ../testTimer_bsp/\libhal_bsp.a(alt_putchar.o)
 .debug_frame   0x0000000000000108       0x50 ../testTimer_bsp/\libhal_bsp.a(alt_tick.o)
 .debug_frame   0x0000000000000158       0x3c ../testTimer_bsp/\libhal_bsp.a(alt_sys_init.o)
 .debug_frame   0x0000000000000194       0x20 ../testTimer_bsp/\libhal_bsp.a(altera_avalon_jtag_uart_write.o)
 .debug_frame   0x00000000000001b4       0x20 ../testTimer_bsp/\libhal_bsp.a(alt_dcache_flush_all.o)
 .debug_frame   0x00000000000001d4       0x20 ../testTimer_bsp/\libhal_bsp.a(alt_icache_flush_all.o)
 .debug_frame   0x00000000000001f4       0x20 ../testTimer_bsp/\libhal_bsp.a(altera_nios2_gen2_irq.o)

.debug_str      0x0000000000000000      0x5d4
 *(.debug_str)
 .debug_str     0x0000000000000000      0x12a obj/default/hello_world_small.o
                                        0x161 (size before relaxing)
 .debug_str     0x000000000000012a      0x174 ../testTimer_bsp/\libhal_bsp.a(alt_load.o)
                                        0x24e (size before relaxing)
 .debug_str     0x000000000000029e       0x8f ../testTimer_bsp/\libhal_bsp.a(alt_main.o)
                                        0x1c7 (size before relaxing)
 .debug_str     0x000000000000032d       0x59 ../testTimer_bsp/\libhal_bsp.a(alt_printf.o)
                                        0x118 (size before relaxing)
 .debug_str     0x0000000000000386       0x59 ../testTimer_bsp/\libhal_bsp.a(alt_putchar.o)
                                        0x198 (size before relaxing)
 .debug_str     0x00000000000003df       0xc1 ../testTimer_bsp/\libhal_bsp.a(alt_tick.o)
                                        0x264 (size before relaxing)
 .debug_str     0x00000000000004a0       0x9e ../testTimer_bsp/\libhal_bsp.a(alt_sys_init.o)
                                        0x269 (size before relaxing)
 .debug_str     0x000000000000053e       0x38 ../testTimer_bsp/\libhal_bsp.a(altera_avalon_jtag_uart_write.o)
                                        0x227 (size before relaxing)
 .debug_str     0x0000000000000576       0x1f ../testTimer_bsp/\libhal_bsp.a(alt_dcache_flush_all.o)
                                        0x167 (size before relaxing)
 .debug_str     0x0000000000000595       0x1f ../testTimer_bsp/\libhal_bsp.a(alt_icache_flush_all.o)
                                        0x167 (size before relaxing)
 .debug_str     0x00000000000005b4       0x20 ../testTimer_bsp/\libhal_bsp.a(altera_nios2_gen2_irq.o)
                                        0x16e (size before relaxing)

.debug_loc      0x0000000000000000      0x33e
 *(.debug_loc)
 .debug_loc     0x0000000000000000       0x13 obj/default/hello_world_small.o
 .debug_loc     0x0000000000000013      0x1de ../testTimer_bsp/\libhal_bsp.a(alt_printf.o)
 .debug_loc     0x00000000000001f1       0x2c ../testTimer_bsp/\libhal_bsp.a(alt_putchar.o)
 .debug_loc     0x000000000000021d       0x75 ../testTimer_bsp/\libhal_bsp.a(alt_tick.o)
 .debug_loc     0x0000000000000292       0x21 ../testTimer_bsp/\libhal_bsp.a(alt_sys_init.o)
 .debug_loc     0x00000000000002b3       0x8b ../testTimer_bsp/\libhal_bsp.a(altera_avalon_jtag_uart_write.o)

.debug_macinfo
 *(.debug_macinfo)

.debug_weaknames
 *(.debug_weaknames)

.debug_funcnames
 *(.debug_funcnames)

.debug_typenames
 *(.debug_typenames)

.debug_varnames
 *(.debug_varnames)

.debug_alt_sim_info
                0x0000000000000000       0x10
 *(.debug_alt_sim_info)
 .debug_alt_sim_info
                0x0000000000000000       0x10 ../testTimer_bsp//obj/HAL/src/crt0.o
                0x0000000000010000                __alt_data_end = 0x10000
                0x0000000000010000                PROVIDE (__alt_stack_pointer, __alt_data_end)
                [!provide]                        PROVIDE (__alt_stack_limit, __alt_stack_base)
                [!provide]                        PROVIDE (__alt_heap_start, end)
                [!provide]                        PROVIDE (__alt_heap_limit, 0x10000)
OUTPUT(testTimer.elf elf32-littlenios2)

.debug_ranges   0x0000000000000000       0x90
 .debug_ranges  0x0000000000000000       0x20 ../testTimer_bsp//obj/HAL/src/crt0.o
 .debug_ranges  0x0000000000000020       0x10 obj/default/hello_world_small.o
 .debug_ranges  0x0000000000000030       0x48 ../testTimer_bsp/\libhal_bsp.a(alt_load.o)
 .debug_ranges  0x0000000000000078       0x18 ../testTimer_bsp/\libhal_bsp.a(alt_printf.o)
