Archive member included to satisfy reference by file (symbol)

../pruebaIntegra1_bsp/\libhal_bsp.a(alt_load.o)
                              ../pruebaIntegra1_bsp//obj/HAL/src/crt0.o (alt_load)
../pruebaIntegra1_bsp/\libhal_bsp.a(alt_main.o)
                              ../pruebaIntegra1_bsp//obj/HAL/src/crt0.o (alt_main)
../pruebaIntegra1_bsp/\libhal_bsp.a(alt_putstr.o)
                              obj/default/hello_world_small.o (alt_putstr)
../pruebaIntegra1_bsp/\libhal_bsp.a(alt_sys_init.o)
                              ../pruebaIntegra1_bsp/\libhal_bsp.a(alt_main.o) (alt_irq_init)
../pruebaIntegra1_bsp/\libhal_bsp.a(altera_avalon_jtag_uart_write.o)
                              ../pruebaIntegra1_bsp/\libhal_bsp.a(alt_putstr.o) (altera_avalon_jtag_uart_write)
../pruebaIntegra1_bsp/\libhal_bsp.a(alt_dcache_flush_all.o)
                              ../pruebaIntegra1_bsp/\libhal_bsp.a(alt_load.o) (alt_dcache_flush_all)
../pruebaIntegra1_bsp/\libhal_bsp.a(alt_icache_flush_all.o)
                              ../pruebaIntegra1_bsp/\libhal_bsp.a(alt_load.o) (alt_icache_flush_all)
../pruebaIntegra1_bsp/\libhal_bsp.a(altera_nios2_gen2_irq.o)
                              ../pruebaIntegra1_bsp/\libhal_bsp.a(alt_sys_init.o) (altera_nios2_gen2_irq_init)
c:/intelfpga_lite/18.1/nios2eds/bin/gnu/h-x86_64-mingw32/bin/../lib/gcc/nios2-elf/5.3.0/../../../../../H-x86_64-mingw32/nios2-elf/lib/mno-hw-mul\libsmallc.a(lib_a-strlen.o)
                              ../pruebaIntegra1_bsp/\libhal_bsp.a(alt_putstr.o) (strlen)

Allocating common symbols
Common symbol       size              file

S7_3_PTR            0x4               obj/default/hello_world_small.o
UART_PTR            0x4               obj/default/hello_world_small.o
LED_PTR             0x4               obj/default/hello_world_small.o
S7_2_PTR            0x4               obj/default/hello_world_small.o
SW_PTR              0x4               obj/default/hello_world_small.o
S7_1_PTR            0x4               obj/default/hello_world_small.o
S7_4_PTR            0x4               obj/default/hello_world_small.o
S7_0_PTR            0x4               obj/default/hello_world_small.o
BTN_PTR             0x4               obj/default/hello_world_small.o

Memory Configuration

Name             Origin             Length             Attributes
reset            0x0000000000001000 0x0000000000000020
RAM              0x0000000000001020 0x0000000000000fe0
*default*        0x0000000000000000 0xffffffffffffffff

Linker script and memory map

LOAD ../pruebaIntegra1_bsp//obj/HAL/src/crt0.o
LOAD obj/default/hello_world_small.o
LOAD c:/intelfpga_lite/18.1/nios2eds/bin/gnu/h-x86_64-mingw32/bin/../lib/gcc/nios2-elf/5.3.0/../../../../../H-x86_64-mingw32/nios2-elf/lib/mno-hw-mul\libstdc++.a
LOAD c:/intelfpga_lite/18.1/nios2eds/bin/gnu/h-x86_64-mingw32/bin/../lib/gcc/nios2-elf/5.3.0/../../../../../H-x86_64-mingw32/nios2-elf/lib/mno-hw-mul\libm.a
LOAD c:/intelfpga_lite/18.1/nios2eds/bin/gnu/h-x86_64-mingw32/bin/../lib/gcc/nios2-elf/5.3.0/mno-hw-mul\libgcc.a
START GROUP
LOAD c:/intelfpga_lite/18.1/nios2eds/bin/gnu/h-x86_64-mingw32/bin/../lib/gcc/nios2-elf/5.3.0/../../../../../H-x86_64-mingw32/nios2-elf/lib/mno-hw-mul\libsmallc.a
LOAD c:/intelfpga_lite/18.1/nios2eds/bin/gnu/h-x86_64-mingw32/bin/../lib/gcc/nios2-elf/5.3.0/mno-hw-mul\libgcc.a
LOAD ../pruebaIntegra1_bsp/\libhal_bsp.a
LOAD c:/intelfpga_lite/18.1/nios2eds/bin/gnu/h-x86_64-mingw32/bin/../lib/gcc/nios2-elf/5.3.0/../../../../../H-x86_64-mingw32/nios2-elf/lib/mno-hw-mul\libm.a
END GROUP
LOAD c:/intelfpga_lite/18.1/nios2eds/bin/gnu/h-x86_64-mingw32/bin/../lib/gcc/nios2-elf/5.3.0/mno-hw-mul\libgcc.a
                0x0000000000001000                __alt_mem_RAM = 0x1000

.entry          0x0000000000001000       0x20
 *(.entry)
 .entry         0x0000000000001000       0x20 ../pruebaIntegra1_bsp//obj/HAL/src/crt0.o
                0x0000000000001000                __reset
                0x000000000000100c                _exit

.exceptions     0x0000000000001020        0x0
                0x0000000000001020                PROVIDE (__ram_exceptions_start, ABSOLUTE (.))
                0x0000000000001020                . = ALIGN (0x20)
 *(.irq)
 *(.exceptions.entry.label)
 *(.exceptions.entry.user)
 *(.exceptions.entry.ecc_fatal)
 *(.exceptions.entry)
 *(.exceptions.irqtest.user)
 *(.exceptions.irqtest)
 *(.exceptions.irqhandler.user)
 *(.exceptions.irqhandler)
 *(.exceptions.irqreturn.user)
 *(.exceptions.irqreturn)
 *(.exceptions.notirq.label)
 *(.exceptions.notirq.user)
 *(.exceptions.notirq)
 *(.exceptions.soft.user)
 *(.exceptions.soft)
 *(.exceptions.unknown.user)
 *(.exceptions.unknown)
 *(.exceptions.exit.label)
 *(.exceptions.exit.user)
 *(.exceptions.exit)
 *(.exceptions)
                0x0000000000001020                PROVIDE (__ram_exceptions_end, ABSOLUTE (.))
                0x0000000000001020                PROVIDE (__flash_exceptions_start, LOADADDR (.exceptions))

.text           0x0000000000001020      0x744
                [!provide]                        PROVIDE (stext, ABSOLUTE (.))
 *(.interp)
 *(.hash)
 *(.dynsym)
 *(.dynstr)
 *(.gnu.version)
 *(.gnu.version_d)
 *(.gnu.version_r)
 *(.rel.init)
 *(.rela.init)
 *(.rel.text .rel.text.* .rel.gnu.linkonce.t.*)
 *(.rela.text .rela.text.* .rela.gnu.linkonce.t.*)
 *(.rel.fini)
 *(.rela.fini)
 *(.rel.rodata .rel.rodata.* .rel.gnu.linkonce.r.*)
 *(.rela.rodata .rela.rodata.* .rela.gnu.linkonce.r.*)
 *(.rel.data .rel.data.* .rel.gnu.linkonce.d.*)
 *(.rela.data .rela.data.* .rela.gnu.linkonce.d.*)
 *(.rel.tdata .rel.tdata.* .rel.gnu.linkonce.td.*)
 *(.rela.tdata .rela.tdata.* .rela.gnu.linkonce.td.*)
 *(.rel.tbss .rel.tbss.* .rel.gnu.linkonce.tb.*)
 *(.rela.tbss .rela.tbss.* .rela.gnu.linkonce.tb.*)
 *(.rel.ctors)
 *(.rela.ctors)
 *(.rel.dtors)
 *(.rela.dtors)
 *(.rel.got)
 *(.rela.got)
 *(.rel.sdata .rel.sdata.* .rel.gnu.linkonce.s.*)
 *(.rela.sdata .rela.sdata.* .rela.gnu.linkonce.s.*)
 *(.rel.sbss .rel.sbss.* .rel.gnu.linkonce.sb.*)
 *(.rela.sbss .rela.sbss.* .rela.gnu.linkonce.sb.*)
 *(.rel.sdata2 .rel.sdata2.* .rel.gnu.linkonce.s2.*)
 *(.rela.sdata2 .rela.sdata2.* .rela.gnu.linkonce.s2.*)
 *(.rel.sbss2 .rel.sbss2.* .rel.gnu.linkonce.sb2.*)
 *(.rela.sbss2 .rela.sbss2.* .rela.gnu.linkonce.sb2.*)
 *(.rel.bss .rel.bss.* .rel.gnu.linkonce.b.*)
 *(.rela.bss .rela.bss.* .rela.gnu.linkonce.b.*)
 *(.rel.plt)
 *(.rela.plt)
 *(.rel.dyn)
 *(.init)
 *(.plt)
 *(.text .stub .text.* .gnu.linkonce.t.*)
 .text          0x0000000000001020       0x3c ../pruebaIntegra1_bsp//obj/HAL/src/crt0.o
                0x0000000000001020                _start
 .text          0x000000000000105c      0x1c8 obj/default/hello_world_small.o
                0x000000000000105c                printChar
                0x000000000000107c                printNum
                0x000000000000111c                setNum
                0x00000000000011c4                setSegmentSelected
 .text.startup  0x0000000000001224      0x378 obj/default/hello_world_small.o
                0x0000000000001224                main
 .text          0x000000000000159c       0xe0 ../pruebaIntegra1_bsp/\libhal_bsp.a(alt_load.o)
                0x000000000000159c                alt_load
 .text          0x000000000000167c       0x2c ../pruebaIntegra1_bsp/\libhal_bsp.a(alt_main.o)
                0x000000000000167c                alt_main
 .text          0x00000000000016a8       0x38 ../pruebaIntegra1_bsp/\libhal_bsp.a(alt_putstr.o)
                0x00000000000016a8                alt_putstr
 .text          0x00000000000016e0       0x24 ../pruebaIntegra1_bsp/\libhal_bsp.a(alt_sys_init.o)
                0x00000000000016e0                alt_irq_init
                0x0000000000001700                alt_sys_init
 .text          0x0000000000001704       0x34 ../pruebaIntegra1_bsp/\libhal_bsp.a(altera_avalon_jtag_uart_write.o)
                0x0000000000001704                altera_avalon_jtag_uart_write
 .text          0x0000000000001738        0x4 ../pruebaIntegra1_bsp/\libhal_bsp.a(alt_dcache_flush_all.o)
                0x0000000000001738                alt_dcache_flush_all
 .text          0x000000000000173c        0x4 ../pruebaIntegra1_bsp/\libhal_bsp.a(alt_icache_flush_all.o)
                0x000000000000173c                alt_icache_flush_all
 .text          0x0000000000001740        0x8 ../pruebaIntegra1_bsp/\libhal_bsp.a(altera_nios2_gen2_irq.o)
                0x0000000000001740                altera_nios2_gen2_irq_init
 .text          0x0000000000001748        0x0 c:/intelfpga_lite/18.1/nios2eds/bin/gnu/h-x86_64-mingw32/bin/../lib/gcc/nios2-elf/5.3.0/../../../../../H-x86_64-mingw32/nios2-elf/lib/mno-hw-mul\libsmallc.a(lib_a-strlen.o)
 .text.strlen   0x0000000000001748       0x1c c:/intelfpga_lite/18.1/nios2eds/bin/gnu/h-x86_64-mingw32/bin/../lib/gcc/nios2-elf/5.3.0/../../../../../H-x86_64-mingw32/nios2-elf/lib/mno-hw-mul\libsmallc.a(lib_a-strlen.o)
                0x0000000000001748                strlen
 *(.gnu.warning.*)
 *(.fini)
                [!provide]                        PROVIDE (__etext, ABSOLUTE (.))
                [!provide]                        PROVIDE (_etext, ABSOLUTE (.))
                [!provide]                        PROVIDE (etext, ABSOLUTE (.))
 *(.eh_frame_hdr)
                0x0000000000001764                . = ALIGN (0x4)
                [!provide]                        PROVIDE (__preinit_array_start, ABSOLUTE (.))
 *(.preinit_array)
                [!provide]                        PROVIDE (__preinit_array_end, ABSOLUTE (.))
                [!provide]                        PROVIDE (__init_array_start, ABSOLUTE (.))
 *(.init_array)
                [!provide]                        PROVIDE (__init_array_end, ABSOLUTE (.))
                [!provide]                        PROVIDE (__fini_array_start, ABSOLUTE (.))
 *(.fini_array)
                [!provide]                        PROVIDE (__fini_array_end, ABSOLUTE (.))
 *(.eh_frame)
 *(.gcc_except_table .gcc_except_table.*)
 *(.dynamic)
                [!provide]                        PROVIDE (__CTOR_LIST__, ABSOLUTE (.))
 *(.ctors)
 *(SORT(.ctors.*))
                [!provide]                        PROVIDE (__CTOR_END__, ABSOLUTE (.))
                [!provide]                        PROVIDE (__DTOR_LIST__, ABSOLUTE (.))
 *(.dtors)
 *(SORT(.dtors.*))
                [!provide]                        PROVIDE (__DTOR_END__, ABSOLUTE (.))
 *(.jcr)
                0x0000000000001764                . = ALIGN (0x4)

.rodata         0x0000000000001764       0x18
                0x0000000000001764                PROVIDE (__ram_rodata_start, ABSOLUTE (.))
                0x0000000000001764                . = ALIGN (0x4)
 *(.rodata .rodata.* .gnu.linkonce.r.*)
 .rodata.str1.4
                0x0000000000001764       0x18 obj/default/hello_world_small.o
                                         0x15 (size before relaxing)
 *(.rodata1)
                0x000000000000177c                . = ALIGN (0x4)
                0x000000000000177c                PROVIDE (__ram_rodata_end, ABSOLUTE (.))
                0x0000000000001764                PROVIDE (__flash_rodata_start, LOADADDR (.rodata))

.rwdata         0x000000000000177c        0x4 load address 0x0000000000001780
                0x000000000000177c                PROVIDE (__ram_rwdata_start, ABSOLUTE (.))
                0x000000000000177c                . = ALIGN (0x4)
 *(.got.plt)
 *(.got)
 *(.data1)
 *(.data .data.* .gnu.linkonce.d.*)
 .data          0x000000000000177c        0x0 ../pruebaIntegra1_bsp//obj/HAL/src/crt0.o
 .data          0x000000000000177c        0x0 obj/default/hello_world_small.o
 .data          0x000000000000177c        0x0 ../pruebaIntegra1_bsp/\libhal_bsp.a(alt_load.o)
 .data          0x000000000000177c        0x0 ../pruebaIntegra1_bsp/\libhal_bsp.a(alt_main.o)
 .data          0x000000000000177c        0x0 ../pruebaIntegra1_bsp/\libhal_bsp.a(alt_putstr.o)
 .data          0x000000000000177c        0x0 ../pruebaIntegra1_bsp/\libhal_bsp.a(alt_sys_init.o)
 .data          0x000000000000177c        0x0 ../pruebaIntegra1_bsp/\libhal_bsp.a(altera_avalon_jtag_uart_write.o)
 .data          0x000000000000177c        0x0 ../pruebaIntegra1_bsp/\libhal_bsp.a(alt_dcache_flush_all.o)
 .data          0x000000000000177c        0x0 ../pruebaIntegra1_bsp/\libhal_bsp.a(alt_icache_flush_all.o)
 .data          0x000000000000177c        0x0 ../pruebaIntegra1_bsp/\libhal_bsp.a(altera_nios2_gen2_irq.o)
 .data          0x000000000000177c        0x0 c:/intelfpga_lite/18.1/nios2eds/bin/gnu/h-x86_64-mingw32/bin/../lib/gcc/nios2-elf/5.3.0/../../../../../H-x86_64-mingw32/nios2-elf/lib/mno-hw-mul\libsmallc.a(lib_a-strlen.o)
                0x000000000000977c                _gp = ABSOLUTE ((. + 0x8000))
                [!provide]                        PROVIDE (gp, _gp)
 *(.rwdata .rwdata.*)
 *(.sdata .sdata.* .gnu.linkonce.s.*)
 .sdata         0x000000000000177c        0x4 ../pruebaIntegra1_bsp/\libhal_bsp.a(alt_sys_init.o)
                0x000000000000177c                UART
 *(.sdata2 .sdata2.* .gnu.linkonce.s2.*)
                0x0000000000001780                . = ALIGN (0x4)
                0x0000000000001780                _edata = ABSOLUTE (.)
                [!provide]                        PROVIDE (edata, ABSOLUTE (.))
                0x0000000000001780                PROVIDE (__ram_rwdata_end, ABSOLUTE (.))
                0x0000000000001780                PROVIDE (__flash_rwdata_start, LOADADDR (.rwdata))

.bss            0x0000000000001784       0x30
                0x0000000000001784                __bss_start = ABSOLUTE (.)
                [!provide]                        PROVIDE (__sbss_start, ABSOLUTE (.))
                [!provide]                        PROVIDE (___sbss_start, ABSOLUTE (.))
 *(.dynsbss)
 *(.sbss .sbss.* .gnu.linkonce.sb.*)
 .sbss          0x0000000000001784       0x24 obj/default/hello_world_small.o
                0x0000000000001784                S7_3_PTR
                0x0000000000001788                UART_PTR
                0x000000000000178c                LED_PTR
                0x0000000000001790                S7_2_PTR
                0x0000000000001794                SW_PTR
                0x0000000000001798                S7_1_PTR
                0x000000000000179c                S7_4_PTR
                0x00000000000017a0                S7_0_PTR
                0x00000000000017a4                BTN_PTR
 .sbss          0x00000000000017a8        0xc ../pruebaIntegra1_bsp/\libhal_bsp.a(alt_main.o)
                0x00000000000017a8                alt_envp
                0x00000000000017ac                alt_argv
                0x00000000000017b0                alt_argc
 *(.sbss2 .sbss2.* .gnu.linkonce.sb2.*)
 *(.scommon)
                [!provide]                        PROVIDE (__sbss_end, ABSOLUTE (.))
                [!provide]                        PROVIDE (___sbss_end, ABSOLUTE (.))
 *(.dynbss)
 *(.bss .bss.* .gnu.linkonce.b.*)
 .bss           0x00000000000017b4        0x0 ../pruebaIntegra1_bsp//obj/HAL/src/crt0.o
 .bss           0x00000000000017b4        0x0 obj/default/hello_world_small.o
 .bss           0x00000000000017b4        0x0 ../pruebaIntegra1_bsp/\libhal_bsp.a(alt_load.o)
 .bss           0x00000000000017b4        0x0 ../pruebaIntegra1_bsp/\libhal_bsp.a(alt_main.o)
 .bss           0x00000000000017b4        0x0 ../pruebaIntegra1_bsp/\libhal_bsp.a(alt_putstr.o)
 .bss           0x00000000000017b4        0x0 ../pruebaIntegra1_bsp/\libhal_bsp.a(alt_sys_init.o)
 .bss           0x00000000000017b4        0x0 ../pruebaIntegra1_bsp/\libhal_bsp.a(altera_avalon_jtag_uart_write.o)
 .bss           0x00000000000017b4        0x0 ../pruebaIntegra1_bsp/\libhal_bsp.a(alt_dcache_flush_all.o)
 .bss           0x00000000000017b4        0x0 ../pruebaIntegra1_bsp/\libhal_bsp.a(alt_icache_flush_all.o)
 .bss           0x00000000000017b4        0x0 ../pruebaIntegra1_bsp/\libhal_bsp.a(altera_nios2_gen2_irq.o)
 .bss           0x00000000000017b4        0x0 c:/intelfpga_lite/18.1/nios2eds/bin/gnu/h-x86_64-mingw32/bin/../lib/gcc/nios2-elf/5.3.0/../../../../../H-x86_64-mingw32/nios2-elf/lib/mno-hw-mul\libsmallc.a(lib_a-strlen.o)
 *(COMMON)
                0x00000000000017b4                . = ALIGN (0x4)
                0x00000000000017b4                __bss_end = ABSOLUTE (.)

.RAM            0x00000000000017b4        0x0
                [!provide]                        PROVIDE (_alt_partition_RAM_start, ABSOLUTE (.))
 *(.RAM .RAM. RAM.*)
                0x00000000000017b4                . = ALIGN (0x4)
                [!provide]                        PROVIDE (_alt_partition_RAM_end, ABSOLUTE (.))
                0x00000000000017b4                _end = ABSOLUTE (.)
                0x00000000000017b4                end = ABSOLUTE (.)
                0x00000000000017b4                __alt_stack_base = ABSOLUTE (.)
                [!provide]                        PROVIDE (_alt_partition_RAM_load_addr, LOADADDR (.RAM))

.stab
 *(.stab)

.stabstr
 *(.stabstr)

.stab.excl
 *(.stab.excl)

.stab.exclstr
 *(.stab.exclstr)

.stab.index
 *(.stab.index)

.stab.indexstr
 *(.stab.indexstr)

.comment        0x0000000000000000       0x23
 *(.comment)
 .comment       0x0000000000000000       0x23 obj/default/hello_world_small.o
                                         0x24 (size before relaxing)
 .comment       0x0000000000000023       0x24 ../pruebaIntegra1_bsp/\libhal_bsp.a(alt_load.o)
 .comment       0x0000000000000023       0x24 ../pruebaIntegra1_bsp/\libhal_bsp.a(alt_main.o)
 .comment       0x0000000000000023       0x24 ../pruebaIntegra1_bsp/\libhal_bsp.a(alt_putstr.o)
 .comment       0x0000000000000023       0x24 ../pruebaIntegra1_bsp/\libhal_bsp.a(alt_sys_init.o)
 .comment       0x0000000000000023       0x24 ../pruebaIntegra1_bsp/\libhal_bsp.a(altera_avalon_jtag_uart_write.o)
 .comment       0x0000000000000023       0x24 ../pruebaIntegra1_bsp/\libhal_bsp.a(alt_dcache_flush_all.o)
 .comment       0x0000000000000023       0x24 ../pruebaIntegra1_bsp/\libhal_bsp.a(alt_icache_flush_all.o)
 .comment       0x0000000000000023       0x24 ../pruebaIntegra1_bsp/\libhal_bsp.a(altera_nios2_gen2_irq.o)
 .comment       0x0000000000000023       0x24 c:/intelfpga_lite/18.1/nios2eds/bin/gnu/h-x86_64-mingw32/bin/../lib/gcc/nios2-elf/5.3.0/../../../../../H-x86_64-mingw32/nios2-elf/lib/mno-hw-mul\libsmallc.a(lib_a-strlen.o)

.debug
 *(.debug)

.line
 *(.line)

.debug_srcinfo
 *(.debug_srcinfo)

.debug_sfnames
 *(.debug_sfnames)

.debug_aranges  0x0000000000000000      0x170
 *(.debug_aranges)
 .debug_aranges
                0x0000000000000000       0x28 ../pruebaIntegra1_bsp//obj/HAL/src/crt0.o
 .debug_aranges
                0x0000000000000028       0x28 obj/default/hello_world_small.o
 .debug_aranges
                0x0000000000000050       0x20 ../pruebaIntegra1_bsp/\libhal_bsp.a(alt_load.o)
 .debug_aranges
                0x0000000000000070       0x20 ../pruebaIntegra1_bsp/\libhal_bsp.a(alt_main.o)
 .debug_aranges
                0x0000000000000090       0x20 ../pruebaIntegra1_bsp/\libhal_bsp.a(alt_putstr.o)
 .debug_aranges
                0x00000000000000b0       0x20 ../pruebaIntegra1_bsp/\libhal_bsp.a(alt_sys_init.o)
 .debug_aranges
                0x00000000000000d0       0x20 ../pruebaIntegra1_bsp/\libhal_bsp.a(altera_avalon_jtag_uart_write.o)
 .debug_aranges
                0x00000000000000f0       0x20 ../pruebaIntegra1_bsp/\libhal_bsp.a(alt_dcache_flush_all.o)
 .debug_aranges
                0x0000000000000110       0x20 ../pruebaIntegra1_bsp/\libhal_bsp.a(alt_icache_flush_all.o)
 .debug_aranges
                0x0000000000000130       0x20 ../pruebaIntegra1_bsp/\libhal_bsp.a(altera_nios2_gen2_irq.o)
 .debug_aranges
                0x0000000000000150       0x20 c:/intelfpga_lite/18.1/nios2eds/bin/gnu/h-x86_64-mingw32/bin/../lib/gcc/nios2-elf/5.3.0/../../../../../H-x86_64-mingw32/nios2-elf/lib/mno-hw-mul\libsmallc.a(lib_a-strlen.o)

.debug_pubnames
 *(.debug_pubnames)

.debug_info     0x0000000000000000      0xfc1
 *(.debug_info .gnu.linkonce.wi.*)
 .debug_info    0x0000000000000000       0x85 ../pruebaIntegra1_bsp//obj/HAL/src/crt0.o
 .debug_info    0x0000000000000085      0x535 obj/default/hello_world_small.o
 .debug_info    0x00000000000005ba      0x1c9 ../pruebaIntegra1_bsp/\libhal_bsp.a(alt_load.o)
 .debug_info    0x0000000000000783      0x169 ../pruebaIntegra1_bsp/\libhal_bsp.a(alt_main.o)
 .debug_info    0x00000000000008ec      0x13a ../pruebaIntegra1_bsp/\libhal_bsp.a(alt_putstr.o)
 .debug_info    0x0000000000000a26      0x185 ../pruebaIntegra1_bsp/\libhal_bsp.a(alt_sys_init.o)
 .debug_info    0x0000000000000bab      0x197 ../pruebaIntegra1_bsp/\libhal_bsp.a(altera_avalon_jtag_uart_write.o)
 .debug_info    0x0000000000000d42       0x92 ../pruebaIntegra1_bsp/\libhal_bsp.a(alt_dcache_flush_all.o)
 .debug_info    0x0000000000000dd4       0x92 ../pruebaIntegra1_bsp/\libhal_bsp.a(alt_icache_flush_all.o)
 .debug_info    0x0000000000000e66       0x92 ../pruebaIntegra1_bsp/\libhal_bsp.a(altera_nios2_gen2_irq.o)
 .debug_info    0x0000000000000ef8       0xc9 c:/intelfpga_lite/18.1/nios2eds/bin/gnu/h-x86_64-mingw32/bin/../lib/gcc/nios2-elf/5.3.0/../../../../../H-x86_64-mingw32/nios2-elf/lib/mno-hw-mul\libsmallc.a(lib_a-strlen.o)

.debug_abbrev   0x0000000000000000      0x7a8
 *(.debug_abbrev)
 .debug_abbrev  0x0000000000000000       0x12 ../pruebaIntegra1_bsp//obj/HAL/src/crt0.o
 .debug_abbrev  0x0000000000000012      0x1dc obj/default/hello_world_small.o
 .debug_abbrev  0x00000000000001ee       0xd8 ../pruebaIntegra1_bsp/\libhal_bsp.a(alt_load.o)
 .debug_abbrev  0x00000000000002c6       0xee ../pruebaIntegra1_bsp/\libhal_bsp.a(alt_main.o)
 .debug_abbrev  0x00000000000003b4       0xd3 ../pruebaIntegra1_bsp/\libhal_bsp.a(alt_putstr.o)
 .debug_abbrev  0x0000000000000487      0x107 ../pruebaIntegra1_bsp/\libhal_bsp.a(alt_sys_init.o)
 .debug_abbrev  0x000000000000058e       0xd5 ../pruebaIntegra1_bsp/\libhal_bsp.a(altera_avalon_jtag_uart_write.o)
 .debug_abbrev  0x0000000000000663       0x42 ../pruebaIntegra1_bsp/\libhal_bsp.a(alt_dcache_flush_all.o)
 .debug_abbrev  0x00000000000006a5       0x42 ../pruebaIntegra1_bsp/\libhal_bsp.a(alt_icache_flush_all.o)
 .debug_abbrev  0x00000000000006e7       0x42 ../pruebaIntegra1_bsp/\libhal_bsp.a(altera_nios2_gen2_irq.o)
 .debug_abbrev  0x0000000000000729       0x7f c:/intelfpga_lite/18.1/nios2eds/bin/gnu/h-x86_64-mingw32/bin/../lib/gcc/nios2-elf/5.3.0/../../../../../H-x86_64-mingw32/nios2-elf/lib/mno-hw-mul\libsmallc.a(lib_a-strlen.o)

.debug_line     0x0000000000000000      0x7f6
 *(.debug_line)
 .debug_line    0x0000000000000000       0x66 ../pruebaIntegra1_bsp//obj/HAL/src/crt0.o
 .debug_line    0x0000000000000066      0x156 obj/default/hello_world_small.o
 .debug_line    0x00000000000001bc       0xa4 ../pruebaIntegra1_bsp/\libhal_bsp.a(alt_load.o)
 .debug_line    0x0000000000000260       0xbd ../pruebaIntegra1_bsp/\libhal_bsp.a(alt_main.o)
 .debug_line    0x000000000000031d       0xa0 ../pruebaIntegra1_bsp/\libhal_bsp.a(alt_putstr.o)
 .debug_line    0x00000000000003bd      0x101 ../pruebaIntegra1_bsp/\libhal_bsp.a(alt_sys_init.o)
 .debug_line    0x00000000000004be       0xf0 ../pruebaIntegra1_bsp/\libhal_bsp.a(altera_avalon_jtag_uart_write.o)
 .debug_line    0x00000000000005ae       0x4e ../pruebaIntegra1_bsp/\libhal_bsp.a(alt_dcache_flush_all.o)
 .debug_line    0x00000000000005fc       0x4e ../pruebaIntegra1_bsp/\libhal_bsp.a(alt_icache_flush_all.o)
 .debug_line    0x000000000000064a       0x50 ../pruebaIntegra1_bsp/\libhal_bsp.a(altera_nios2_gen2_irq.o)
 .debug_line    0x000000000000069a      0x15c c:/intelfpga_lite/18.1/nios2eds/bin/gnu/h-x86_64-mingw32/bin/../lib/gcc/nios2-elf/5.3.0/../../../../../H-x86_64-mingw32/nios2-elf/lib/mno-hw-mul\libsmallc.a(lib_a-strlen.o)

.debug_frame    0x0000000000000000      0x1e0
 *(.debug_frame)
 .debug_frame   0x0000000000000000       0x78 obj/default/hello_world_small.o
 .debug_frame   0x0000000000000078       0x30 ../pruebaIntegra1_bsp/\libhal_bsp.a(alt_load.o)
 .debug_frame   0x00000000000000a8       0x2c ../pruebaIntegra1_bsp/\libhal_bsp.a(alt_main.o)
 .debug_frame   0x00000000000000d4       0x30 ../pruebaIntegra1_bsp/\libhal_bsp.a(alt_putstr.o)
 .debug_frame   0x0000000000000104       0x3c ../pruebaIntegra1_bsp/\libhal_bsp.a(alt_sys_init.o)
 .debug_frame   0x0000000000000140       0x20 ../pruebaIntegra1_bsp/\libhal_bsp.a(altera_avalon_jtag_uart_write.o)
 .debug_frame   0x0000000000000160       0x20 ../pruebaIntegra1_bsp/\libhal_bsp.a(alt_dcache_flush_all.o)
 .debug_frame   0x0000000000000180       0x20 ../pruebaIntegra1_bsp/\libhal_bsp.a(alt_icache_flush_all.o)
 .debug_frame   0x00000000000001a0       0x20 ../pruebaIntegra1_bsp/\libhal_bsp.a(altera_nios2_gen2_irq.o)
 .debug_frame   0x00000000000001c0       0x20 c:/intelfpga_lite/18.1/nios2eds/bin/gnu/h-x86_64-mingw32/bin/../lib/gcc/nios2-elf/5.3.0/../../../../../H-x86_64-mingw32/nios2-elf/lib/mno-hw-mul\libsmallc.a(lib_a-strlen.o)

.debug_str      0x0000000000000000      0x69f
 *(.debug_str)
 .debug_str     0x0000000000000000      0x1d3 obj/default/hello_world_small.o
                                        0x211 (size before relaxing)
 .debug_str     0x00000000000001d3      0x181 ../pruebaIntegra1_bsp/\libhal_bsp.a(alt_load.o)
                                        0x253 (size before relaxing)
 .debug_str     0x0000000000000354       0x8f ../pruebaIntegra1_bsp/\libhal_bsp.a(alt_main.o)
                                        0x1cc (size before relaxing)
 .debug_str     0x00000000000003e3       0x5f ../pruebaIntegra1_bsp/\libhal_bsp.a(alt_putstr.o)
                                        0x1a2 (size before relaxing)
 .debug_str     0x0000000000000442       0x86 ../pruebaIntegra1_bsp/\libhal_bsp.a(alt_sys_init.o)
                                        0x236 (size before relaxing)
 .debug_str     0x00000000000004c8       0x3f ../pruebaIntegra1_bsp/\libhal_bsp.a(altera_avalon_jtag_uart_write.o)
                                        0x22c (size before relaxing)
 .debug_str     0x0000000000000507       0x1f ../pruebaIntegra1_bsp/\libhal_bsp.a(alt_dcache_flush_all.o)
                                        0x16c (size before relaxing)
 .debug_str     0x0000000000000526       0x1f ../pruebaIntegra1_bsp/\libhal_bsp.a(alt_icache_flush_all.o)
                                        0x16c (size before relaxing)
 .debug_str     0x0000000000000545       0x20 ../pruebaIntegra1_bsp/\libhal_bsp.a(altera_nios2_gen2_irq.o)
                                        0x173 (size before relaxing)
 .debug_str     0x0000000000000565      0x13a c:/intelfpga_lite/18.1/nios2eds/bin/gnu/h-x86_64-mingw32/bin/../lib/gcc/nios2-elf/5.3.0/../../../../../H-x86_64-mingw32/nios2-elf/lib/mno-hw-mul\libsmallc.a(lib_a-strlen.o)
                                        0x1e5 (size before relaxing)

.debug_loc      0x0000000000000000      0x615
 *(.debug_loc)
 .debug_loc     0x0000000000000000      0x514 obj/default/hello_world_small.o
 .debug_loc     0x0000000000000514       0x37 ../pruebaIntegra1_bsp/\libhal_bsp.a(alt_putstr.o)
 .debug_loc     0x000000000000054b       0x21 ../pruebaIntegra1_bsp/\libhal_bsp.a(alt_sys_init.o)
 .debug_loc     0x000000000000056c       0x8b ../pruebaIntegra1_bsp/\libhal_bsp.a(altera_avalon_jtag_uart_write.o)
 .debug_loc     0x00000000000005f7       0x1e c:/intelfpga_lite/18.1/nios2eds/bin/gnu/h-x86_64-mingw32/bin/../lib/gcc/nios2-elf/5.3.0/../../../../../H-x86_64-mingw32/nios2-elf/lib/mno-hw-mul\libsmallc.a(lib_a-strlen.o)

.debug_macinfo
 *(.debug_macinfo)

.debug_weaknames
 *(.debug_weaknames)

.debug_funcnames
 *(.debug_funcnames)

.debug_typenames
 *(.debug_typenames)

.debug_varnames
 *(.debug_varnames)

.debug_alt_sim_info
                0x0000000000000000       0x10
 *(.debug_alt_sim_info)
 .debug_alt_sim_info
                0x0000000000000000       0x10 ../pruebaIntegra1_bsp//obj/HAL/src/crt0.o
                0x0000000000002000                __alt_data_end = 0x2000
                0x0000000000002000                PROVIDE (__alt_stack_pointer, __alt_data_end)
                [!provide]                        PROVIDE (__alt_stack_limit, __alt_stack_base)
                [!provide]                        PROVIDE (__alt_heap_start, end)
                [!provide]                        PROVIDE (__alt_heap_limit, 0x2000)
OUTPUT(pruebaIntegra1.elf elf32-littlenios2)

.debug_ranges   0x0000000000000000       0xa8
 .debug_ranges  0x0000000000000000       0x20 ../pruebaIntegra1_bsp//obj/HAL/src/crt0.o
 .debug_ranges  0x0000000000000020       0x30 obj/default/hello_world_small.o
 .debug_ranges  0x0000000000000050       0x48 ../pruebaIntegra1_bsp/\libhal_bsp.a(alt_load.o)
 .debug_ranges  0x0000000000000098       0x10 c:/intelfpga_lite/18.1/nios2eds/bin/gnu/h-x86_64-mingw32/bin/../lib/gcc/nios2-elf/5.3.0/../../../../../H-x86_64-mingw32/nios2-elf/lib/mno-hw-mul\libsmallc.a(lib_a-strlen.o)
